[2024-11-15T14:26:31.703+0000] {taskinstance.py:1956} INFO - Dependencies all met for dep_context=non-requeueable deps ti=<TaskInstance: ml_pipeline_dag.load_and_preprocess_data manual__2024-11-15T14:26:29.242909+00:00 [queued]>
[2024-11-15T14:26:31.708+0000] {taskinstance.py:1956} INFO - Dependencies all met for dep_context=requeueable deps ti=<TaskInstance: ml_pipeline_dag.load_and_preprocess_data manual__2024-11-15T14:26:29.242909+00:00 [queued]>
[2024-11-15T14:26:31.708+0000] {taskinstance.py:2170} INFO - Starting attempt 1 of 2
[2024-11-15T14:26:31.715+0000] {taskinstance.py:2191} INFO - Executing <Task(PythonOperator): load_and_preprocess_data> on 2024-11-15 14:26:29.242909+00:00
[2024-11-15T14:26:31.721+0000] {standard_task_runner.py:60} INFO - Started process 1070 to run task
[2024-11-15T14:26:31.725+0000] {standard_task_runner.py:87} INFO - Running: ['***', 'tasks', 'run', 'ml_pipeline_dag', 'load_and_preprocess_data', 'manual__2024-11-15T14:26:29.242909+00:00', '--job-id', '35', '--raw', '--subdir', 'DAGS_FOLDER/random.py', '--cfg-path', '/tmp/tmpy9jnqkrf']
[2024-11-15T14:26:31.728+0000] {standard_task_runner.py:88} INFO - Job 35: Subtask load_and_preprocess_data
[2024-11-15T14:26:31.767+0000] {task_command.py:423} INFO - Running <TaskInstance: ml_pipeline_dag.load_and_preprocess_data manual__2024-11-15T14:26:29.242909+00:00 [running]> on host 8b834e0277f8
[2024-11-15T14:26:31.809+0000] {taskinstance.py:2480} INFO - Exporting env vars: AIRFLOW_CTX_DAG_OWNER='suvarna' AIRFLOW_CTX_DAG_ID='ml_pipeline_dag' AIRFLOW_CTX_TASK_ID='load_and_preprocess_data' AIRFLOW_CTX_EXECUTION_DATE='2024-11-15T14:26:29.242909+00:00' AIRFLOW_CTX_TRY_NUMBER='1' AIRFLOW_CTX_DAG_RUN_ID='manual__2024-11-15T14:26:29.242909+00:00'
[2024-11-15T14:26:31.830+0000] {xcom.py:664} ERROR - Object of type ndarray is not JSON serializable. If you are using pickle instead of JSON for XCom, then you need to enable pickle support for XCom in your *** config or make sure to decorate your object with attr.
[2024-11-15T14:26:31.832+0000] {random.py:48} ERROR - Error in loading or preprocessing data: Object of type ndarray is not JSON serializable
[2024-11-15T14:26:31.832+0000] {taskinstance.py:2698} ERROR - Task failed with exception
Traceback (most recent call last):
  File "/home/airflow/.local/lib/python3.8/site-packages/airflow/utils/json.py", line 91, in default
    return serialize(o)
  File "/home/airflow/.local/lib/python3.8/site-packages/airflow/serialization/serde.py", line 180, in serialize
    raise TypeError(f"cannot serialize object of type {cls}")
TypeError: cannot serialize object of type <class 'numpy.ndarray'>

During handling of the above exception, another exception occurred:

Traceback (most recent call last):
  File "/home/airflow/.local/lib/python3.8/site-packages/airflow/models/taskinstance.py", line 433, in _execute_task
    result = execute_callable(context=context, **execute_callable_kwargs)
  File "/home/airflow/.local/lib/python3.8/site-packages/airflow/operators/python.py", line 199, in execute
    return_value = self.execute_callable()
  File "/home/airflow/.local/lib/python3.8/site-packages/airflow/operators/python.py", line 216, in execute_callable
    return self.python_callable(*self.op_args, **self.op_kwargs)
  File "/opt/airflow/dags/random.py", line 49, in load_and_preprocess_data
    raise e
  File "/opt/airflow/dags/random.py", line 40, in load_and_preprocess_data
    kwargs['ti'].xcom_push(key='X_train', value=X_train)
  File "/home/airflow/.local/lib/python3.8/site-packages/airflow/utils/session.py", line 79, in wrapper
    return func(*args, session=session, **kwargs)
  File "/home/airflow/.local/lib/python3.8/site-packages/airflow/models/taskinstance.py", line 2980, in xcom_push
    XCom.set(
  File "/home/airflow/.local/lib/python3.8/site-packages/airflow/utils/session.py", line 76, in wrapper
    return func(*args, **kwargs)
  File "/home/airflow/.local/lib/python3.8/site-packages/airflow/models/xcom.py", line 247, in set
    value = cls.serialize_value(
  File "/home/airflow/.local/lib/python3.8/site-packages/airflow/models/xcom.py", line 662, in serialize_value
    return json.dumps(value, cls=XComEncoder).encode("UTF-8")
  File "/usr/local/lib/python3.8/json/__init__.py", line 234, in dumps
    return cls(
  File "/home/airflow/.local/lib/python3.8/site-packages/airflow/utils/json.py", line 104, in encode
    return super().encode(o)
  File "/usr/local/lib/python3.8/json/encoder.py", line 199, in encode
    chunks = self.iterencode(o, _one_shot=True)
  File "/usr/local/lib/python3.8/json/encoder.py", line 257, in iterencode
    return _iterencode(o, 0)
  File "/home/airflow/.local/lib/python3.8/site-packages/airflow/utils/json.py", line 93, in default
    return super().default(o)
  File "/usr/local/lib/python3.8/json/encoder.py", line 179, in default
    raise TypeError(f'Object of type {o.__class__.__name__} '
TypeError: Object of type ndarray is not JSON serializable
[2024-11-15T14:26:31.838+0000] {taskinstance.py:1138} INFO - Marking task as UP_FOR_RETRY. dag_id=ml_pipeline_dag, task_id=load_and_preprocess_data, execution_date=20241115T142629, start_date=20241115T142631, end_date=20241115T142631
[2024-11-15T14:26:31.844+0000] {standard_task_runner.py:107} ERROR - Failed to execute job 35 for task load_and_preprocess_data (Object of type ndarray is not JSON serializable; 1070)
[2024-11-15T14:26:31.865+0000] {local_task_job_runner.py:234} INFO - Task exited with return code 1
[2024-11-15T14:26:31.879+0000] {taskinstance.py:3280} INFO - 0 downstream tasks scheduled from follow-on schedule check
